2025-04-10 13:27:24 - user role error
